C:\Users\Dino\IdeaProjects\ModuleOptimizer\src\main\java\calve23\moduleoptimizer\Action.java
C:\Users\Dino\IdeaProjects\ModuleOptimizer\src\main\java\calve23\moduleoptimizer\ConsoleOn.java
C:\Users\Dino\IdeaProjects\ModuleOptimizer\src\main\java\calve23\moduleoptimizer\LinkEffect.java
C:\Users\Dino\IdeaProjects\ModuleOptimizer\src\main\java\calve23\moduleoptimizer\LinkEffectName.java
C:\Users\Dino\IdeaProjects\ModuleOptimizer\src\main\java\calve23\moduleoptimizer\Module.java
C:\Users\Dino\IdeaProjects\ModuleOptimizer\src\main\java\calve23\moduleoptimizer\ModuleCaptureKey.java
C:\Users\Dino\IdeaProjects\ModuleOptimizer\src\main\java\calve23\moduleoptimizer\ModuleInventory.java
C:\Users\Dino\IdeaProjects\ModuleOptimizer\src\main\java\calve23\moduleoptimizer\ModuleType.java
C:\Users\Dino\IdeaProjects\ModuleOptimizer\src\main\java\calve23\moduleoptimizer\OCR.java
C:\Users\Dino\IdeaProjects\ModuleOptimizer\src\main\java\calve23\moduleoptimizer\RegionPersistence.java
C:\Users\Dino\IdeaProjects\ModuleOptimizer\src\main\java\calve23\moduleoptimizer\RegionSelect.java
C:\Users\Dino\IdeaProjects\ModuleOptimizer\src\main\java\calve23\moduleoptimizer\ScoreModules.java
C:\Users\Dino\IdeaProjects\ModuleOptimizer\src\main\java\calve23\moduleoptimizer\State.java
C:\Users\Dino\IdeaProjects\ModuleOptimizer\src\main\java\calve23\moduleoptimizer\Stored.java
C:\Users\Dino\IdeaProjects\ModuleOptimizer\src\main\java\module-info.java
